
> frontend@0.1.0 build
> react-scripts build

node.exe : (node:19160) 
[DEP0176] 
DeprecationWarning: 
fs.F_OK is deprecated, 
use fs.constants.F_OK 
instead
At line:1 char:1
+ & "C:\Program 
Files\nodejs/node.exe" 
"C:\Program 
Files\nodejs/node_mo ...
+ ~~~~~~~~~~~~~~~~~~~~~~
~~~~~~~~~~~~~~~~~~~~~~~~
~~~~~~~~~~~~~~~~~~~~~~~
    + CategoryInfo      
        : NotSpecified  
  : ((node:19160) [D.   
 ..ts.F_OK instead:S    
tring) [], RemoteEx    
ception
    + FullyQualifiedErr 
   orId : NativeComman  
  dError
 
(Use `node 
--trace-deprecation 
...` to show where the 
warning was created)
Creating an optimized production build...
Failed to compile.

[eslint] 
src\components\History\History.jsx
  Line 538:28:  'Code2' is not defined  react/jsx-no-undef
  Line 588:26:  'Code2' is not defined  react/jsx-no-undef

Search for the keywords to learn more about each error.


